// Jest Snapshot v1, https://goo.gl/fbAQLP

exports[`memoizedKeyv should emit on stale refresh error 1`] = `[Error: NOPE]`;
